Script started on 2020-07-05 22:09:59+09:00 [TERM="xterm" TTY="/dev/pts/0" COLUMNS="86" LINES="34"]
]0;pi@raspberrypi: ~/gelato[01;32mpi@raspberrypi[00m:[01;34m~/gelato $[00m 
]0;pi@raspberrypi: ~/gelato[01;32mpi@raspberrypi[00m:[01;34m~/gelato $[00m hello
bash: hello: command not found
]0;pi@raspberrypi: ~/gelato[01;32mpi@raspberrypi[00m:[01;34m~/gelato $[00m ls /
[0m[01;34mbin[0m   [01;34mdev[0m  [01;34mhome[0m  [01;34mlost+found[0m  [01;34mmnt[0m  [01;34mproc[0m  [01;34mrun[0m   [01;34msrv[0m  [30;42mtmp[0m  [01;34mvar[0m
[01;34mboot[0m  [01;34metc[0m  [01;34mlib[0m   [01;34mmedia[0m       [01;34mopt[0m  [01;34mroot[0m  [01;34msbin[0m  [01;34msys[0m  [01;34musr[0m
]0;pi@raspberrypi: ~/gelato[01;32mpi@raspberrypi[00m:[01;34m~/gelato $[00m ls /sbin/
[0m[01;32magetty[0m           [01;32mfsck.minix[0m         [01;36mmkdosfs[0m           [01;32mregdbdump[0m
[01;32mbadblocks[0m        [01;36mfsck.msdos[0m         [01;32mmke2fs[0m            [01;32mrequest-key[0m
[01;32mblkdeactivate[0m    [01;36mfsck.vfat[0m          [01;32mmkfs[0m              [01;32mresize2fs[0m
[01;32mblkdiscard[0m       [01;32mfsfreeze[0m           [01;32mmkfs.bfs[0m          [01;32mresolvconf[0m
[01;32mblkid[0m            [01;32mfstab-decode[0m       [01;32mmkfs.cramfs[0m       [01;36mrmmod[0m
[01;32mblkzone[0m          [01;32mfstrim[0m             [01;36mmkfs.ext2[0m         [01;32mroute[0m
[01;32mblockdev[0m         [01;32mgdisk[0m              [01;36mmkfs.ext3[0m         [01;32mrpcbind[0m
[01;32mbridge[0m           [01;32mgetcap[0m             [01;36mmkfs.ext4[0m         [01;32mrpc.statd[0m
[01;32mcapsh[0m            [01;32mgetpcaps[0m           [01;32mmkfs.fat[0m          [01;32mrtacct[0m
[01;32mcfdisk[0m           [01;36mgetty[0m              [01;32mmkfs.minix[0m        [01;32mrtmon[0m
[01;32mcgdisk[0m           [01;36mhalt[0m               [01;36mmkfs.msdos[0m        [01;36mrunlevel[0m
[01;32mchcpu[0m            [01;32mhwclock[0m            [01;36mmkfs.ntfs[0m         [01;32mrunuser[0m
[01;32mcrda[0m             [01;32mifconfig[0m           [01;36mmkfs.vfat[0m         [01;32msetcap[0m
[01;32mctrlaltdel[0m       [01;36mifdown[0m             [01;32mmkhomedir_helper[0m  [01;32msfdisk[0m
[01;32mdebugfs[0m          [01;36mifquery[0m            [01;32mmkntfs[0m            [01;32msgdisk[0m
[01;36mdepmod[0m           [01;32mifup[0m               [01;32mmkswap[0m            [01;32mshadowconfig[0m
[01;32mdevlink[0m          [01;36minit[0m               [01;36mmodinfo[0m           [01;32mshowmount[0m
[01;32mdhclient[0m         [01;36minsmod[0m             [01;36mmodprobe[0m          [01;36mshutdown[0m
[01;32mdhclient-script[0m  [01;32minstallkernel[0m      [37;41mmount.cifs[0m        [01;32mslattach[0m
[01;36mdhcpcd[0m           [01;36mip[0m                 [01;32mmount.fuse[0m        [01;32msm-notify[0m
[01;32mdhcpcd5[0m          [01;36mip6tables[0m          [01;36mmount.lowntfs-3g[0m  [01;32mstart-stop-daemon[0m
[01;32mdmsetup[0m          [01;36mip6tables-restore[0m  [37;41mmount.nfs[0m         [01;32msulogin[0m
[01;36mdmstats[0m          [01;36mip6tables-save[0m     [01;36mmount.nfs4[0m        [01;32mswaplabel[0m
[01;36mdosfsck[0m          [01;32mipmaddr[0m            [01;36mmount.ntfs[0m        [01;32mswapoff[0m
[01;36mdosfslabel[0m       [01;36miptables[0m           [01;36mmount.ntfs-3g[0m     [01;32mswapon[0m
[01;32mdphys-swapfile[0m   [01;36miptables-restore[0m   [01;32mnameif[0m            [01;32mswitch_root[0m
[01;32mdumpe2fs[0m         [01;36miptables-save[0m      [01;32mntfsclone[0m         [01;32msysctl[0m
[01;32me2fsck[0m           [01;32miptunnel[0m           [01;32mntfscp[0m            [01;32mtc[0m
[01;32me2image[0m          [01;32misosize[0m            [01;32mntfslabel[0m         [01;36mtelinit[0m
[01;36me2label[0m          [01;32miw[0m                 [01;32mntfsresize[0m        [01;32mtipc[0m
[01;36me2mmpstatus[0m      [01;32miwconfig[0m           [01;32mntfsundelete[0m      [01;32mtune2fs[0m
[01;32me2undo[0m           [01;32miwevent[0m            [01;32mosd_login[0m         [01;36mudevadm[0m
[01;32methtool[0m          [01;32miwgetid[0m            [01;32mpam_tally[0m         [01;36mumount.nfs[0m
[01;32mfake-hwclock[0m     [01;32miwlist[0m             [01;32mpam_tally2[0m        [01;36mumount.nfs4[0m
[01;32mfatlabel[0m         [01;32miwpriv[0m             [01;32mparted[0m            [01;32mumount.udisks2[0m
[01;32mfdisk[0m            [01;32miwspy[0m              [01;32mpartprobe[0m         [30;43munix_chkpwd[0m
[01;32mfindfs[0m           [01;32mkbdrate[0m            [01;32mpaxctld[0m           [01;32munix_update[0m
[01;32mfixparts[0m         [01;32mkey.dns_resolver[0m   [01;32mpivot_root[0m        [01;32mwipefs[0m
[01;32mfsck[0m             [01;32mkillall5[0m           [01;32mplipconfig[0m        [01;32mwpa_action[0m
[01;32mfsck.cramfs[0m      [01;32mldconfig[0m           [01;32mplymouthd[0m         [01;32mwpa_cli[0m
[01;36mfsck.ext2[0m        [01;32mlogsave[0m            [01;36mpoweroff[0m          [01;32mwpa_supplicant[0m
[01;36mfsck.ext3[0m        [01;32mlosetup[0m            [01;32mrarp[0m              [01;32mzramctl[0m
[01;36mfsck.ext4[0m        [01;36mlsmod[0m              [01;32mraw[0m
[01;32mfsck.fat[0m         [01;32mmii-tool[0m           [01;36mreboot[0m
]0;pi@raspberrypi: ~/gelato[01;32mpi@raspberrypi[00m:[01;34m~/gelato $[00m 
]0;pi@raspberrypi: ~/gelato[01;32mpi@raspberrypi[00m:[01;34m~/gelato $[00m 
]0;pi@raspberrypi: ~/gelato[01;32mpi@raspberrypi[00m:[01;34m~/gelato $[00m 
]0;pi@raspberrypi: ~/gelato[01;32mpi@raspberrypi[00m:[01;34m~/gelato $[00m 
]0;pi@raspberrypi: ~/gelato[01;32mpi@raspberrypi[00m:[01;34m~/gelato $[00m 
]0;pi@raspberrypi: ~/gelato[01;32mpi@raspberrypi[00m:[01;34m~/gelato $[00m 
]0;pi@raspberrypi: ~/gelato[01;32mpi@raspberrypi[00m:[01;34m~/gelato $[00m sud [Ko raspi-config 
[?1049h[22;0;0t[1;34r[4l[?25l(B[m[37m[40m[1;34r[H[2J[1;1H[1m[37m[44m                                                                                      [2;1H                                                                                      [3;1H                                                                                      [4;1H                                                                                      [5;1H                                                                                      [6;1H                                                                                      [7;1H                                                                                      [8;1H                                                                                      [9;1H                                                                                      [10;1H                                                                                      [11;1H                                                                                      [12;1H                                                                                      [13;1H                                                                                      [14;1H                                                                                      [15;1H                                                                                      [16;1H                                                                                      [17;1H                                                                                      [18;1H                                                                                      [19;1H                                                                                      [20;1H                                                                                      [21;1H                                                                                      [22;1H                                                                                      [23;1H                                                                                      [24;1H                                                                                      [25;1H                                                                                      [26;1H                                                                                      [27;1H                                                                                      [28;1H                                                                                      [29;1H                                                                                      [30;1H                                                                                      [31;1H                                                                                      [32;1H                                                                                      [33;1H                                                                                      [34;1H                                                                                     [34;85H [4h [4l[1;1H(B[m[37m[44mRaspberry Pi 3 Model B Rev 1.2[9;1H[30m[47m┌────────────┤ [31mRaspberry Pi Software Configuration Tool (raspi-config)[30m ├─────────────┐[10;1H│                                                                                    │[11;1H│  [37m[41m1 Change User Password Change password for the 'pi' user                        [30m[47m  │[12;1H│  2 Network Options      Configure network settings                                 │[13;1H│  3 Boot Options         Configure options for start-up                             │[14;1H│  4 Localisation Options Set up language and regional settings to match your locat  │[15;1H│  5 Interfacing Options  Configure connections to peripherals                       │[16;1H│  6 Overclock            Configure overclocking for your Pi                         │[17;1H│  7 Advanced Options     Configure advanced settings                                │[18;1H│  8 Update               Update this tool to the latest version                     │[19;1H│  9 About raspi-config   Information about this configuration tool                  │[20;1H│                                                                                    │[21;1H│                                                                                    │[22;1H│                                                                                    │[23;1H│                                                                                    │[24;1H│                       <Select>                       <Finish>                      │[25;1H│                                                                                    │[26;1H└────────────────────────────────────────────────────────────────────────────────────┘[27;2H[1m[37m[40m                                                                                     [11;4H(B[m[30m[47m1 Change User Password Change password for the 'pi' user                        [12;4H[37m[41m2 Network Options      Configure network settings                               [12;4H[30m[47m2 Network Options      Configure network settings                               [13;4H[37m[41m3 Boot Options         Configure options for start-up                           [13;4H[30m[47m3 Boot Options         Configure options for start-up                           [14;4H[37m[41m4 Localisation Options Set up language and regional settings to match your locat[14;4H[30m[47m4 Localisation Options Set up language and regional settings to match your locat[15;4H[37m[41m5 Interfacing Options  Configure connections to peripherals                     [15;4H[30m[47m5 Interfacing Options  Configure connections to peripherals                     [16;4H[37m[41m6 Overclock            Configure overclocking for your Pi                       [16;4H[A5 Interfacing Options  Configure connections to peripherals                     [16;4H[30m[47m6 Overclock            Configure overclocking for your Pi                       [15;4H[A[37m[41m4 Localisation Options Set up language and regional settings to match your locat[15;4H[30m[47m5 Interfacing Options  Configure connections to peripherals                     [14;4H[A[37m[41m3 Boot Options         Configure options for start-up                           [14;4H[30m[47m4 Localisation Options Set up language and regional settings to match your locat[13;4H[A[37m[41m2 Network Options      Configure network settings                               [13;4H[30m[47m3 Boot Options         Configure options for start-up                           [12;4H[A[37m[41m1 Change User Password Change password for the 'pi' user                        [12;4H[30m[47m2 Network Options      Configure network settings                               [11;4H1 Change User Password Change password for the 'pi' user                        [12;4H[37m[41m2 Network Options      Configure network settings                               [12;4H[30m[47m2 Network Options      Configure network settings                               [13;4H[37m[41m3 Boot Options         Configure options for start-up                           [13;4H[30m[47m3 Boot Options         Configure options for start-up                           [14;4H[37m[41m4 Localisation Options Set up language and regional settings to match your locat[14;4H[30m[47m4 Localisation Options Set up language and regional settings to match your locat[15;4H[37m[41m5 Interfacing Options  Configure connections to peripherals                     [15;4H[30m[47m5 Interfacing Options  Configure connections to peripherals                     [16;4H[37m[41m6 Overclock            Configure overclocking for your Pi                       [16;4H[30m[47m6 Overclock            Configure overclocking for your Pi                       [17;4H[37m[41m7 Advanced Options     Configure advanced settings                              [17;4H[30m[47m7 Advanced Options     Configure advanced settings                              [18;4H[37m[41m8 Update               Update this tool to the latest version                   [18;4H[30m[47m8 Update               Update this tool to the latest version                   [19;4H[37m[41m9 About raspi-config   Information about this configuration tool                [19;4H[A8 Update               Update this tool to the latest version                   [19;4H[30m[47m9 About raspi-config   Information about this configuration tool                [18;4H[A[37m[41m7 Advanced Options     Configure advanced settings                              [18;4H[30m[47m8 Update               Update this tool to the latest version                   [17;4H[A[37m[41m6 Overclock            Configure overclocking for your Pi                       [17;4H[30m[47m7 Advanced Options     Configure advanced settings                              [16;4H[A[37m[41m5 Interfacing Options  Configure connections to peripherals                     [16;4H[30m[47m6 Overclock            Configure overclocking for your Pi                       [15;4H[37m[44m5 Interfacing Options  Configure connections to peripherals                     [24;25H[41m<Select>[24;26H[30m[47m<Select>[23C[37m[41m<Finish>[24;57H[?12l[?25h[34;1H[40m(B[m[39;49m[K[?1049l[23;0;0t]0;pi@raspberrypi: ~/gelato[01;32mpi@raspberrypi[00m:[01;34m~/gelato $[00m clear
[H[2J[3J]0;pi@raspberrypi: ~/gelato[01;32mpi@raspberrypi[00m:[01;34m~/gelato $[00m [K]0;pi@raspberrypi: ~/gelato[01;32mpi@raspberrypi[00m:[01;34m~/gelato $[00m cd
]0;pi@raspberrypi: ~[01;32mpi@raspberrypi[00m:[01;34m~ $[00m clear
[H[2J[3J]0;pi@raspberrypi: ~[01;32mpi@raspberrypi[00m:[01;34m~ $[00m tt[K[Kclear
[H[2J[3J]0;pi@raspberrypi: ~[01;32mpi@raspberrypi[00m:[01;34m~ $[00m rr[K[Ktty
/dev/pts/2
]0;pi@raspberrypi: ~[01;32mpi@raspberrypi[00m:[01;34m~ $[00m ttycleard[Klearsudo raspi-config [9Pls /sbin/[Khello[1Pexitsudo raspi-config exit[Kdf -h[1Pexitw[Kexitw[Kexit[2Plsexitclearw[Ksudo grep alice /etc/passwd[C[C[C[C[C[C[C[C[C[C[C[C[C[C[C[C[C[C[C[5P[C[C[C[C[C[C[C[C[C[C[C[C[C[C[C[C[C[C[C[C[C[C[C[C[C[C[C[C[C[C[C[C[C[C[C[C[C[C[C[C[C[5@sudo [C[C[C[C[C[C[C[C[C[C[C[C[C[C[C[C[C[C[C[C[C[C[C[C[C[C[C[C[C[C[C[C[C[C[C[C[C[C[C[C[C[5P[C[C[C[C[C[C[C[C[C[C[C[C[C[C[C[C[C[C[C[C[C[C[C[C[C[C[C[C[C[C[C[C[C[C[C[C[C[C[C[C[C[5@sudo [C[C[C[C[C[C[C[C[C[C[C[C[C[C[C[C[C[C[C[C[C[C[C[C[C[C[C[C[C[C[C[C[C[C[C[C[C[C[C[C[Cw[Kclear[1Pexit[2Plsexitw[Kexitw[Kexitdf -h[1Pexitsudo raspi-config exit[Khello[1Pexithello[1Pls /hello[1Pexitsudo raspi-config exit[Ksudo raspi-config ^C
]0;pi@raspberrypi: ~[01;32mpi@raspberrypi[00m:[01;34m~ $[00m clear
[H[2J[3J]0;pi@raspberrypi: ~[01;32mpi@raspberrypi[00m:[01;34m~ $[00m script tmp.log > [1@-[1@f[1@ [C[C[C[C[C[C[C[C[C[C[K> /dev/pts/1
script: write failed: Input/output error
script: write error
]0;pi@raspberrypi: ~[01;32mpi@raspberrypi[00m:[01;34m~ $[00m exit
exit

Script done on 2020-07-05 22:14:32+09:00 [COMMAND_EXIT_CODE="1"]
